// Jest Snapshot v1, https://goo.gl/fbAQLP

exports[`GiveTask functionality GiveTask component renders correctly 1`] = `
<View
  onLayout={[Function]}
  style={
    Object {
      "backgroundColor": "#000",
      "flex": 1,
    }
  }
>
  <View
    accessible={true}
    isTVSelectable={true}
    onResponderGrant={[Function]}
    onResponderMove={[Function]}
    onResponderRelease={[Function]}
    onResponderTerminate={[Function]}
    onResponderTerminationRequest={[Function]}
    onStartShouldSetResponder={[Function]}
    style={
      Object {
        "backgroundColor": "transparent",
        "height": 70,
        "opacity": 1,
        "width": 50,
      }
    }
  >
    <Text
      allowFontScaling={false}
      style={
        Array [
          Object {
            "color": "#fff",
            "fontSize": 30,
          },
          Object {
            "backgroundColor": "transparent",
            "margin": 20,
            "width": "100%",
          },
          Object {
            "fontFamily": "FontAwesome5Free-Solid",
            "fontStyle": "normal",
            "fontWeight": "normal",
          },
          Object {
            "fontWeight": "900",
          },
        ]
      }
    >
      
    </Text>
  </View>
  <RCTScrollView
    contentContainerStyle={
      Object {
        "width": "100%",
      }
    }
  >
    <View>
      <View
        style={
          Object {
            "alignItems": "center",
            "backgroundColor": "#000",
            "flex": 1,
            "height": "100%",
            "width": "100%",
          }
        }
      >
        <Text
          style={
            Object {
              "color": "#fff",
              "fontSize": 40,
              "fontWeight": "bold",
              "marginTop": 50,
            }
          }
        >
          Add Task
        </Text>
        <View
          style={
            Object {
              "alignItems": "center",
              "flex": 1,
              "marginTop": 50,
              "width": "80%",
            }
          }
        >
          <View
            style={
              Object {
                "paddingHorizontal": 10,
                "width": "100%",
              }
            }
          >
            <View
              style={
                Object {
                  "alignItems": "center",
                  "borderBottomWidth": 1,
                  "borderColor": "#86939e",
                  "flexDirection": "row",
                  "marginBottom": 20,
                  "transform": Array [
                    Object {
                      "translateX": 0,
                    },
                  ],
                }
              }
            >
              <View
                style={
                  Object {
                    "alignItems": "center",
                    "height": 40,
                    "justifyContent": "center",
                    "marginLeft": 15,
                  }
                }
              >
                <Text
                  allowFontScaling={false}
                  style={
                    Array [
                      Object {
                        "color": "#fff",
                        "fontSize": 24,
                      },
                      undefined,
                      Object {
                        "fontFamily": "FontAwesome5Free-Solid",
                        "fontStyle": "normal",
                        "fontWeight": "normal",
                      },
                      Object {
                        "fontWeight": "900",
                      },
                    ]
                  }
                >
                  
                </Text>
              </View>
              <TextInput
                allowFontScaling={true}
                keyboardType="phone-pad"
                onChangeText={[Function]}
                onSubmitEditing={[Function]}
                placeholder="Phone Number"
                placeholderTextColor="#fff"
                rejectResponderTermination={true}
                returnKeyType="next"
                style={
                  Object {
                    "alignSelf": "center",
                    "color": "#fff",
                    "flex": 1,
                    "fontSize": 18,
                    "minHeight": 40,
                  }
                }
                testID="RNE__Input__text-input"
                underlineColorAndroid="transparent"
              />
            </View>
          </View>
          <View
            style={
              Object {
                "paddingHorizontal": 10,
                "width": "100%",
              }
            }
          >
            <View
              style={
                Object {
                  "alignItems": "center",
                  "borderBottomWidth": 1,
                  "borderColor": "#86939e",
                  "flexDirection": "row",
                  "marginBottom": 20,
                  "transform": Array [
                    Object {
                      "translateX": 0,
                    },
                  ],
                }
              }
            >
              <View
                style={
                  Object {
                    "alignItems": "center",
                    "height": 40,
                    "justifyContent": "center",
                    "marginLeft": 15,
                  }
                }
              >
                <Text
                  allowFontScaling={false}
                  style={
                    Array [
                      Object {
                        "color": "#fff",
                        "fontSize": 24,
                      },
                      undefined,
                      Object {
                        "fontFamily": "FontAwesome5Free-Solid",
                        "fontStyle": "normal",
                        "fontWeight": "normal",
                      },
                      Object {
                        "fontWeight": "900",
                      },
                    ]
                  }
                >
                  
                </Text>
              </View>
              <TextInput
                allowFontScaling={true}
                onChangeText={[Function]}
                onSubmitEditing={[Function]}
                placeholder="Task Name"
                placeholderTextColor="#fff"
                rejectResponderTermination={true}
                returnKeyType="next"
                style={
                  Object {
                    "alignSelf": "center",
                    "color": "#fff",
                    "flex": 1,
                    "fontSize": 18,
                    "minHeight": 40,
                  }
                }
                testID="RNE__Input__text-input"
                underlineColorAndroid="transparent"
              />
            </View>
          </View>
          <View
            style={
              Object {
                "paddingHorizontal": 10,
                "width": "100%",
              }
            }
          >
            <View
              style={
                Object {
                  "alignItems": "center",
                  "borderBottomWidth": 1,
                  "borderColor": "#86939e",
                  "flexDirection": "row",
                  "marginBottom": 20,
                  "transform": Array [
                    Object {
                      "translateX": 0,
                    },
                  ],
                }
              }
            >
              <View
                style={
                  Object {
                    "alignItems": "center",
                    "height": 40,
                    "justifyContent": "center",
                    "marginLeft": 15,
                  }
                }
              >
                <Text
                  allowFontScaling={false}
                  style={
                    Array [
                      Object {
                        "color": "#fff",
                        "fontSize": 24,
                      },
                      undefined,
                      Object {
                        "fontFamily": "FontAwesome5Free-Regular",
                        "fontStyle": "normal",
                        "fontWeight": "normal",
                      },
                      Object {
                        "fontWeight": "400",
                      },
                    ]
                  }
                >
                  
                </Text>
              </View>
              <TextInput
                allowFontScaling={true}
                onChangeText={[Function]}
                onSubmitEditing={[Function]}
                placeholder="Description"
                placeholderTextColor="#fff"
                rejectResponderTermination={true}
                returnKeyType="next"
                style={
                  Object {
                    "alignSelf": "center",
                    "color": "#fff",
                    "flex": 1,
                    "fontSize": 18,
                    "minHeight": 40,
                  }
                }
                testID="RNE__Input__text-input"
                underlineColorAndroid="transparent"
              />
            </View>
          </View>
          <View
            style={
              Object {
                "paddingHorizontal": 10,
                "width": "100%",
              }
            }
          >
            <View
              style={
                Object {
                  "alignItems": "center",
                  "borderBottomWidth": 1,
                  "borderColor": "#86939e",
                  "flexDirection": "row",
                  "marginBottom": 20,
                  "transform": Array [
                    Object {
                      "translateX": 0,
                    },
                  ],
                }
              }
            >
              <View
                style={
                  Object {
                    "alignItems": "center",
                    "height": 40,
                    "justifyContent": "center",
                    "marginLeft": 15,
                  }
                }
              >
                <Text
                  allowFontScaling={false}
                  style={
                    Array [
                      Object {
                        "color": "#fff",
                        "fontSize": 24,
                      },
                      undefined,
                      Object {
                        "fontFamily": "FontAwesome5Free-Solid",
                        "fontStyle": "normal",
                        "fontWeight": "normal",
                      },
                      Object {
                        "fontWeight": "900",
                      },
                    ]
                  }
                >
                  
                </Text>
              </View>
              <TextInput
                allowFontScaling={true}
                onChangeText={[Function]}
                placeholder="Reward"
                placeholderTextColor="#fff"
                rejectResponderTermination={true}
                style={
                  Object {
                    "alignSelf": "center",
                    "color": "#fff",
                    "flex": 1,
                    "fontSize": 18,
                    "minHeight": 40,
                  }
                }
                testID="RNE__Input__text-input"
                underlineColorAndroid="transparent"
              />
            </View>
          </View>
          <View
            style={
              Object {
                "borderBottomWidth": 2,
                "borderColor": "#666",
                "borderStyle": "solid",
                "flexDirection": "row",
                "height": 45,
                "marginBottom": 20,
                "width": "95%",
              }
            }
          >
            <Text
              allowFontScaling={false}
              style={
                Array [
                  Object {
                    "color": "#fff",
                    "fontSize": 20,
                  },
                  Object {
                    "paddingLeft": 20,
                  },
                  Object {
                    "fontFamily": "FontAwesome5Free-Regular",
                    "fontStyle": "normal",
                    "fontWeight": "normal",
                  },
                  Object {
                    "fontWeight": "400",
                  },
                ]
              }
            >
              
            </Text>
            <Text
              style={
                Object {
                  "color": "#fff",
                  "fontSize": 18,
                  "paddingLeft": 5,
                }
              }
            >
              YYYY-MM-DD
            </Text>
          </View>
          <View
            accessible={true}
            isTVSelectable={true}
            onResponderGrant={[Function]}
            onResponderMove={[Function]}
            onResponderRelease={[Function]}
            onResponderTerminate={[Function]}
            onResponderTerminationRequest={[Function]}
            onStartShouldSetResponder={[Function]}
            style={
              Object {
                "alignItems": "center",
                "borderColor": "#fff",
                "borderRadius": 15,
                "borderStyle": "solid",
                "borderWidth": 1,
                "marginBottom": 20,
                "opacity": 1,
                "padding": 8,
                "width": "50%",
              }
            }
          >
            <Text
              style={
                Object {
                  "color": "#fff",
                  "fontSize": 18,
                }
              }
            >
              Pick Expired Date
            </Text>
          </View>
          <View
            accessible={true}
            isTVSelectable={true}
            onResponderGrant={[Function]}
            onResponderMove={[Function]}
            onResponderRelease={[Function]}
            onResponderTerminate={[Function]}
            onResponderTerminationRequest={[Function]}
            onStartShouldSetResponder={[Function]}
            style={
              Object {
                "alignItems": "center",
                "backgroundColor": "purple",
                "borderRadius": 15,
                "marginBottom": 100,
                "marginTop": 10,
                "opacity": 1,
                "padding": 15,
                "width": "80%",
              }
            }
          >
            <Text
              style={
                Object {
                  "color": "#fff",
                  "fontSize": 18,
                }
              }
            >
              Send
            </Text>
          </View>
        </View>
      </View>
    </View>
  </RCTScrollView>
</View>
`;
